-I/home/philip/Projects/vali/boot/uefi/arm64
-I/home/philip/Projects/vali/boot/uefi
-I/home/philip/Projects/vali/boot/uefi/efi/Build/VBoot/RELEASE_CLANGPDB/AARCH64/VBoot/DEBUG
-I/home/philip/Projects/vali/boot/uefi/efi/MdePkg
-I/home/philip/Projects/vali/boot/uefi/efi/MdePkg/Include
-I/home/philip/Projects/vali/boot/uefi/efi/MdePkg/Test/UnitTest/Include
-I/home/philip/Projects/vali/boot/uefi/efi/MdePkg/Test/Mock/Include
-I/home/philip/Projects/vali/boot/uefi/efi/MdePkg/Library/MipiSysTLib/mipisyst/library/include
-I/home/philip/Projects/vali/boot/uefi/efi/MdePkg/Include/AArch64
-I/home/philip/Projects/vali/boot/uefi/efi/MdeModulePkg
-I/home/philip/Projects/vali/boot/uefi/efi/MdeModulePkg/Test/Mock/Include
-I/home/philip/Projects/vali/boot/uefi/efi/MdeModulePkg/Include
-I/home/philip/Projects/vali/boot/uefi/efi/EmbeddedPkg
-I/home/philip/Projects/vali/boot/uefi/efi/EmbeddedPkg/Include
-I/home/philip/Projects/vali/boot/uefi/efi/EmbeddedPkg/Test/Mock/Include
-I/home/philip/Projects/vali/boot/uefi/efi/ArmPkg
-I/home/philip/Projects/vali/boot/uefi/efi/ArmPkg/Include
-I/home/philip/Projects/vali/boot/uefi/efi/ArmPlatformPkg
-I/home/philip/Projects/vali/boot/uefi/efi/ArmPlatformPkg/Include
-I/home/philip/Projects/vali/boot/uefi/efi/PcAtChipsetPkg
-I/home/philip/Projects/vali/boot/uefi/efi/PcAtChipsetPkg/Include
-I/home/philip/Projects/vali/boot/uefi/include
-I/home/philip/Projects/vali/boot/include