/home/philip/Projects/vali/boot/uefi/efi/Build/VBoot/RELEASE_CLANGPDB/AARCH64/VBoot/OUTPUT/VBoot.lib
/home/philip/Projects/vali/boot/uefi/efi/Build/VBoot/RELEASE_CLANGPDB/AARCH64/MdePkg/Library/BasePcdLibNull/BasePcdLibNull/OUTPUT/BasePcdLibNull.lib
/home/philip/Projects/vali/boot/uefi/efi/Build/VBoot/RELEASE_CLANGPDB/AARCH64/MdePkg/Library/BaseMemoryLib/BaseMemoryLib/OUTPUT/BaseMemoryLib.lib
/home/philip/Projects/vali/boot/uefi/efi/Build/VBoot/RELEASE_CLANGPDB/AARCH64/MdePkg/Library/BaseLib/BaseLib/OUTPUT/BaseLib.lib
/home/philip/Projects/vali/boot/uefi/efi/Build/VBoot/RELEASE_CLANGPDB/AARCH64/MdePkg/Library/RegisterFilterLibNull/RegisterFilterLibNull/OUTPUT/FilterLibNull.lib
/home/philip/Projects/vali/boot/uefi/efi/Build/VBoot/RELEASE_CLANGPDB/AARCH64/MdePkg/Library/BaseIoLibIntrinsic/BaseIoLibIntrinsic/OUTPUT/BaseIoLibIntrinsic.lib
/home/philip/Projects/vali/boot/uefi/efi/Build/VBoot/RELEASE_CLANGPDB/AARCH64/ArmPlatformPkg/Library/PL011UartLib/PL011UartLib/OUTPUT/PL011UartLib.lib
/home/philip/Projects/vali/boot/uefi/efi/Build/VBoot/RELEASE_CLANGPDB/AARCH64/ArmPlatformPkg/Library/PL011UartClockLib/PL011UartClockLib/OUTPUT/BasePL011UartClockLib.lib
/home/philip/Projects/vali/boot/uefi/efi/Build/VBoot/RELEASE_CLANGPDB/AARCH64/ArmPlatformPkg/Library/PL011SerialPortLib/PL011SerialPortLib/OUTPUT/PL011SerialPortLib.lib
/home/philip/Projects/vali/boot/uefi/efi/Build/VBoot/RELEASE_CLANGPDB/AARCH64/MdePkg/Library/BasePrintLib/BasePrintLib/OUTPUT/BasePrintLib.lib
/home/philip/Projects/vali/boot/uefi/efi/Build/VBoot/RELEASE_CLANGPDB/AARCH64/MdePkg/Library/BaseDebugPrintErrorLevelLib/BaseDebugPrintErrorLevelLib/OUTPUT/BaseDebugPrintErrorLevelLib.lib
/home/philip/Projects/vali/boot/uefi/efi/Build/VBoot/RELEASE_CLANGPDB/AARCH64/MdePkg/Library/BaseDebugLibSerialPort/BaseDebugLibSerialPort/OUTPUT/BaseDebugLibSerialPort.lib
/home/philip/Projects/vali/boot/uefi/efi/Build/VBoot/RELEASE_CLANGPDB/AARCH64/MdePkg/Library/ArmLib/ArmBaseLib/OUTPUT/ArmBaseLib.lib
/home/philip/Projects/vali/boot/uefi/efi/Build/VBoot/RELEASE_CLANGPDB/AARCH64/MdePkg/Library/BaseSafeIntLib/BaseSafeIntLib/OUTPUT/BaseSafeIntLib.lib
/home/philip/Projects/vali/boot/uefi/efi/Build/VBoot/RELEASE_CLANGPDB/AARCH64/MdePkg/Library/BasePeCoffExtraActionLibNull/BasePeCoffExtraActionLibNull/OUTPUT/PeCoffExtraActionLibNull.lib
/home/philip/Projects/vali/boot/uefi/efi/Build/VBoot/RELEASE_CLANGPDB/AARCH64/MdePkg/Library/UefiBootServicesTableLib/UefiBootServicesTableLib/OUTPUT/UefiBootServicesTableLib.lib
/home/philip/Projects/vali/boot/uefi/efi/Build/VBoot/RELEASE_CLANGPDB/AARCH64/MdePkg/Library/StackCheckLibNull/StackCheckLibNull/OUTPUT/StackCheckLibNull.lib
/home/philip/Projects/vali/boot/uefi/efi/Build/VBoot/RELEASE_CLANGPDB/AARCH64/ArmPkg/Library/ArmCacheMaintenanceLib/ArmCacheMaintenanceLib/OUTPUT/ArmCacheMaintenanceLib.lib
/home/philip/Projects/vali/boot/uefi/efi/Build/VBoot/RELEASE_CLANGPDB/AARCH64/MdePkg/Library/BasePeCoffLib/BasePeCoffLib/OUTPUT/BasePeCoffLib.lib
/home/philip/Projects/vali/boot/uefi/efi/Build/VBoot/RELEASE_CLANGPDB/AARCH64/MdePkg/Library/UefiApplicationEntryPoint/UefiApplicationEntryPoint/OUTPUT/UefiApplicationEntryPoint.lib
/home/philip/Projects/vali/boot/uefi/efi/Build/VBoot/RELEASE_CLANGPDB/AARCH64/MdePkg/Library/CompilerIntrinsicsLib/CompilerIntrinsicsLib/OUTPUT/CompilerIntrinsicsLib.lib