 Ehci

 Timestamp is 58593982 (Tue Dec 20 15:00:34 2016)

 Preferred load address is 10000000

 Start         Length     Name                   Class
 0001:00000000 000000f0H .text                   CODE
 0001:000000f0 00002405H .text$mn                CODE
 0002:00000000 00000070H .idata$5                DATA
 0002:00000070 00000060H .rdata                  DATA
 0002:000000d0 00000046H .edata                  DATA
 0002:00000118 00000070H .rdata$debug            DATA
 0002:00000188 00000028H .idata$2                DATA
 0002:000001b0 00000014H .idata$3                DATA
 0002:000001c4 00000070H .idata$4                DATA
 0002:00000234 000001f2H .idata$6                DATA
 0003:00000000 000003a9H .data                   DATA
 0003:000003ac 00000008H .bss                    DATA
 0004:00000000 00000058H .rsrc$01                DATA
 0004:00000060 00000180H .rsrc$02                DATA

  Address         Publics by Value              Rva+Base       Lib:Object

 0000:00000000       ___guard_fids_table        00000000     <absolute>
 0000:00000000       ___safe_se_handler_count   00000000     <absolute>
 0000:00000000       ___guard_flags             00000000     <absolute>
 0000:00000000       ___safe_se_handler_table   00000000     <absolute>
 0000:00000000       ___guard_fids_count        00000000     <absolute>
 0001:00000000       _asm_memcpy_mmx            10001000     libk:_memcpy.obj
 0001:00000032       _asm_memcpy_sse            10001032     libk:_memcpy.obj
 0001:00000090       __spinlock_acquire         10001090     libk:_spinlock.obj
 0001:000000b7       __spinlock_test            100010b7     libk:_spinlock.obj
 0001:000000dc       __spinlock_release         100010dc     libk:_spinlock.obj
 0001:000000f0       _ModuleInit                100010f0 f   Ehci.obj
 0001:00000210       _EhciDisableLegacySupport  10001210 f   Ehci.obj
 0001:000003a0       _EhciHalt                  100013a0 f   Ehci.obj
 0001:00000480       _EhciReset                 10001480 f   Ehci.obj
 0001:000004f0       _EhciRestart               100014f0 f   Ehci.obj
 0001:00000570       _EhciSetup                 10001570 f   Ehci.obj
 0001:00000740       _EhciPortReset             10001740 f   Ehci.obj
 0001:00000820       _EhciPortSetup             10001820 f   Ehci.obj
 0001:00000880       _EhciPortScan              10001880 f   Ehci.obj
 0001:00000940       _EhciInterruptHandler      10001940 f   Ehci.obj
 0001:000009d0       _EhciInitQueues            100019d0 f   EhciScheduling.obj
 0001:00000c20       _EhciEndpointSetup         10001c20 f   EhciScheduling.obj
 0001:00000d40       _EhciEndpointDestroy       10001d40 f   EhciScheduling.obj
 0001:00000d90       _EhciLinkPeriodicQh        10001d90 f   EhciScheduling.obj
 0001:00000e60       _EhciUnlinkPeriodic        10001e60 f   EhciScheduling.obj
 0001:00000f20       _EhciAllocateQh            10001f20 f   EhciScheduling.obj
 0001:00001010       _EhciInititalizeQh         10002010 f   EhciScheduling.obj
 0001:000010f0       _EhciAllocateTd            100020f0 f   EhciScheduling.obj
 0001:000011a0       _EhciAllocateBuffers       100021a0 f   EhciScheduling.obj
 0001:00001280       _EhciTdFill                10002280 f   EhciScheduling.obj
 0001:00001300       _EhciTdSetup               10002300 f   EhciScheduling.obj
 0001:000014e0       _EhciTdIo                  100024e0 f   EhciScheduling.obj
 0001:00001630       _EhciTransactionInit       10002630 f   EhciScheduling.obj
 0001:00001720       _EhciTransactionSetup      10002720 f   EhciScheduling.obj
 0001:00001760       _EhciTransactionIn         10002760 f   EhciScheduling.obj
 0001:000017f0       _EhciTransactionOut        100027f0 f   EhciScheduling.obj
 0001:000018a0       _EhciTransactionSend       100028a0 f   EhciScheduling.obj
 0001:00001b70       _EhciTransactionDestroy    10002b70 f   EhciScheduling.obj
 0001:00001db0       _EhciRestartQh             10002db0 f   EhciScheduling.obj
 0001:00001e70       _EhciScanQh                10002e70 f   EhciScheduling.obj
 0001:00001f50       _EhciProcessTransfers      10002f50 f   EhciScheduling.obj
 0001:00001fc0       _EhciProcessDoorBell       10002fc0 f   EhciScheduling.obj
 0001:00002030       _MemCpyBase                10003030 f   libk:memcpy.obj
 0001:000020b0       _MemCpySelect              100030b0 f   libk:memcpy.obj
 0001:000020e0       _memcpy                    100030e0 f   libk:memcpy.obj
 0001:00002100       _memset                    10003100 f   libk:memset.obj
 0001:000021c0       _SpinlockReset             100031c0 f   libk:spinlock.obj
 0001:000021d0       _SpinlockAcquire           100031d0 f   libk:spinlock.obj
 0001:000021f0       _SpinlockRelease           100031f0 f   libk:spinlock.obj
 0001:00002200       _ListCreate                10003200 f   libk:list.obj
 0001:00002230       _ListCreateNode            10003230 f   libk:list.obj
 0001:00002270       _ListInsert                10003270 f   libk:list.obj
 0001:00002360       _ListAppend                10003360 f   libk:list.obj
 0001:000023d0       _ListUnlinkNode            100033d0 f   libk:list.obj
 0001:00002470       _ListRemoveByNode          10003470 f   libk:list.obj
 0001:00002490       _dsalloc                   10003490 f   libk:ds.obj
 0001:000024a0       _dssortkey                 100034a0 f   libk:ds.obj
 0002:00000000       __imp__PciDeviceWrite      10004000     MCore:MCore.mos
 0002:00000004       __imp__LogFatal            10004004     MCore:MCore.mos
 0002:00000008       __imp__kmalloc             10004008     MCore:MCore.mos
 0002:0000000c       __imp__DmRequestResource   1000400c     MCore:MCore.mos
 0002:00000010       __imp__StallMs             10004010     MCore:MCore.mos
 0002:00000014       __imp__Log                 10004014     MCore:MCore.mos
 0002:00000018       __imp__PciDeviceRead       10004018     MCore:MCore.mos
 0002:0000001c       __imp__kfree               1000401c     MCore:MCore.mos
 0002:00000020       __imp__LogDebug            10004020     MCore:MCore.mos
 0002:00000024       __imp__AddressSpaceGetCurrent 10004024     MCore:MCore.mos
 0002:00000028       __imp__IThreadYield        10004028     MCore:MCore.mos
 0002:0000002c       __imp__SchedulerWakeupOneThread 1000402c     MCore:MCore.mos
 0002:00000030       __imp__kernel_panic        10004030     MCore:MCore.mos
 0002:00000034       __imp__AddressSpaceGetMap  10004034     MCore:MCore.mos
 0002:00000038       __imp__kmalloc_a           10004038     MCore:MCore.mos
 0002:0000003c       __imp__SchedulerSleepThread 1000403c     MCore:MCore.mos
 0002:00000040       __imp__kmalloc_apm         10004040     MCore:MCore.mos
 0002:00000044       \177MCore_NULL_THUNK_DATA  10004044     MCore:MCore.mos
 0002:00000048       __imp__UsbEventCreate      10004048     UsbCore:UsbCore.mod
 0002:0000004c       __imp__UsbRegisterController 1000404c     UsbCore:UsbCore.mod
 0002:00000050       __imp__UsbGetHcd           10004050     UsbCore:UsbCore.mod
 0002:00000054       __imp__UsbInitController   10004054     UsbCore:UsbCore.mod
 0002:00000058       __imp__UsbCalculateBandwidth 10004058     UsbCore:UsbCore.mod
 0002:0000005c       __imp__UsbSchedulerValidate 1000405c     UsbCore:UsbCore.mod
 0002:00000060       __imp__UsbSchedulerReserveBandwidth 10004060     UsbCore:UsbCore.mod
 0002:00000064       __imp__UsbSchedulerInit    10004064     UsbCore:UsbCore.mod
 0002:00000068       __imp__UsbSchedulerReleaseBandwidth 10004068     UsbCore:UsbCore.mod
 0002:0000006c       \177UsbCore_NULL_THUNK_DATA 1000406c     UsbCore:UsbCore.mod
 0002:000000a8       _GlbEhciDriverName         100040a8     Ehci.obj
 0002:000000ac       _EhciErrorMessages         100040ac     EhciScheduling.obj
 0002:00000188       __IMPORT_DESCRIPTOR_MCore  10004188     MCore:MCore.mos
 0002:0000019c       __IMPORT_DESCRIPTOR_UsbCore 1000419c     UsbCore:UsbCore.mod
 0002:000001b0       __NULL_IMPORT_DESCRIPTOR   100041b0     MCore:MCore.mos
 0003:000003ac       _GlbEhciControllerId       100053ac     Ehci.obj
 0003:000003b0       ___GlbMemCpyInstance       100053b0     libk:memcpy.obj

 entry point at        0000:00000000

 Static symbols

 0000:ffff8000       .debug$S                   10000000     MCore:MCore.mos
 0000:ffff8000       .debug$S                   10000000     UsbCore:UsbCore.mod
 0000:ffff8000       .debug$S                   10000000     UsbCore:UsbCore.mod
 0000:ffff8000       .debug$S                   10000000     UsbCore:UsbCore.mod
 0000:ffff8000       .debug$S                   10000000     UsbCore:UsbCore.mod
 0000:ffff8000       .debug$S                   10000000     UsbCore:UsbCore.mod
 0000:ffff8000       .debug$S                   10000000     UsbCore:UsbCore.mod
 0000:ffff8000       .debug$S                   10000000     UsbCore:UsbCore.mod
 0000:ffff8000       .debug$S                   10000000     UsbCore:UsbCore.mod
 0000:ffff8000       .debug$S                   10000000     UsbCore:UsbCore.mod
 0000:ffff8000       .debug$S                   10000000     MCore:MCore.mos
 0000:ffff8000       .debug$S                   10000000     MCore:MCore.mos
 0000:ffff8000       .debug$S                   10000000     MCore:MCore.mos
 0000:ffff8000       .debug$S                   10000000     MCore:MCore.mos
 0000:ffff8000       .debug$S                   10000000     MCore:MCore.mos
 0000:ffff8000       .debug$S                   10000000     MCore:MCore.mos
 0000:ffff8000       .debug$S                   10000000     MCore:MCore.mos
 0000:ffff8000       .debug$S                   10000000     MCore:MCore.mos
 0000:ffff8000       .debug$S                   10000000     MCore:MCore.mos
 0000:ffff8000       .debug$S                   10000000     MCore:MCore.mos
 0000:ffff8000       .debug$S                   10000000     MCore:MCore.mos
 0000:ffff8000       .debug$S                   10000000     MCore:MCore.mos
 0000:ffff8000       .debug$S                   10000000     MCore:MCore.mos
 0000:ffff8000       .debug$S                   10000000     MCore:MCore.mos
 0000:ffff8000       .debug$S                   10000000     MCore:MCore.mos
 0000:ffff8000       .debug$S                   10000000     MCore:MCore.mos
 0001:00000015       MmxLoop                    10001015     libk:_memcpy.obj
 0001:00000026       MmxRemain                  10001026     libk:_memcpy.obj
 0001:0000002e       MmxDone                    1000102e     libk:_memcpy.obj
 0001:00000055       AlignedLoop                10001055     libk:_memcpy.obj
 0001:00000066       UnalignedLoop              10001066     libk:_memcpy.obj
 0001:00000075       SseDone                    10001075     libk:_memcpy.obj
 0001:00000077       SseRemain                  10001077     libk:_memcpy.obj
 0001:0000007f       CpyDone                    1000107f     libk:_memcpy.obj
 0001:000000a0       __spinlock_acquire.trylock 100010a0     libk:_spinlock.obj
 0001:000000a6       __spinlock_acquire.lockloop 100010a6     libk:_spinlock.obj
 0001:000000af       __spinlock_acquire.gotlock 100010af     libk:_spinlock.obj
 0001:000000d4       __spinlock_test.gotlock    100010d4     libk:_spinlock.obj
 0001:000000d9       __spinlock_test.end        100010d9     libk:_spinlock.obj
 0001:000000ed       __spinlock_release.done    100010ed     libk:_spinlock.obj
 0002:000000d0       .edata                     100040d0     Ehci.exp
 0002:000000f8       rgpv                       100040f8     Ehci.exp
 0002:000000fc       rgszName                   100040fc     Ehci.exp
 0002:00000100       rgwOrd                     10004100     Ehci.exp
 0002:00000102       szName                     10004102     Ehci.exp
 0002:0000010b       $N00001                    1000410b     Ehci.exp
 0002:00000342       .idata$6                   10004342     MCore:MCore.mos
 0002:0000041a       .idata$6                   1000441a     UsbCore:UsbCore.mod
 0003:00000000       $SG4294967291              10005000     Ehci.obj
 0003:00000018       $SG4294967290              10005018     Ehci.obj
 0003:00000040       $SG4294967289              10005040     Ehci.obj
 0003:00000048       $SG4294967288              10005048     Ehci.obj
 0003:00000078       $SG4294967287              10005078     Ehci.obj
 0003:00000080       $SG4294967286              10005080     Ehci.obj
 0003:000000ac       $SG4294967285              100050ac     Ehci.obj
 0003:000000d4       $SG4294967284              100050d4     Ehci.obj
 0003:00000110       $SG4294967283              10005110     Ehci.obj
 0003:00000118       $SG4294967282              10005118     Ehci.obj
 0003:00000158       $SG4294967281              10005158     Ehci.obj
 0003:00000160       $SG4294967280              10005160     Ehci.obj
 0003:00000198       $SG4294967279              10005198     Ehci.obj
 0003:000001a0       $SG4294967278              100051a0     Ehci.obj
 0003:000001d8       $SG4294967277              100051d8     Ehci.obj
 0003:000001e0       $SG4294967201              100051e0     EhciScheduling.obj
 0003:000001ec       $SG4294967200              100051ec     EhciScheduling.obj
 0003:000001fc       $SG4294967199              100051fc     EhciScheduling.obj
 0003:00000214       $SG4294967198              10005214     EhciScheduling.obj
 0003:00000228       $SG4294967197              10005228     EhciScheduling.obj
 0003:0000024c       $SG4294967196              1000524c     EhciScheduling.obj
 0003:0000025c       $SG4294967195              1000525c     EhciScheduling.obj
 0003:00000270       $SG4294967194              10005270     EhciScheduling.obj
 0003:00000280       $SG4294967193              10005280     EhciScheduling.obj
 0003:00000288       $SG4294967192              10005288     EhciScheduling.obj
 0003:000002a8       $SG4294967191              100052a8     EhciScheduling.obj
 0003:000002e0       $SG4294967190              100052e0     EhciScheduling.obj
 0003:000002e8       $SG4294967189              100052e8     EhciScheduling.obj
 0003:0000030c       $SG4294967188              1000530c     EhciScheduling.obj
 0003:00000338       $SG4294967187              10005338     EhciScheduling.obj
 0003:00000368       $SG4294967186              10005368     EhciScheduling.obj
 0003:00000370       $SG4294967185              10005370     EhciScheduling.obj
 0003:00000388       $SG4294967184              10005388     EhciScheduling.obj
 0003:00000390       $SG4294967183              10005390     EhciScheduling.obj
 0003:000003a4       $SG4294967182              100053a4     EhciScheduling.obj
 0004:00000060       $R000000                   10006060     * linker generated manifest res *

 Exports

  ordinal    name

        1    _ModuleInit
               exported name: ModuleInit
