 Rtc

 Timestamp is 58593982 (Tue Dec 20 15:00:34 2016)

 Preferred load address is 10000000

 Start         Length     Name                   Class
 0001:00000000 00000083H .text                   CODE
 0001:00000090 0000042aH .text$mn                CODE
 0002:00000000 00000034H .idata$5                DATA
 0002:00000040 0000003cH .rdata                  DATA
 0002:00000080 00000045H .edata                  DATA
 0002:000000c8 0000006cH .rdata$debug            DATA
 0002:00000134 00000028H .idata$2                DATA
 0002:0000015c 00000014H .idata$3                DATA
 0002:00000170 00000034H .idata$4                DATA
 0002:000001a4 000000c6H .idata$6                DATA
 0003:00000000 00000056H .data                   DATA
 0003:00000058 00000004H .bss                    DATA
 0004:00000000 00000058H .rsrc$01                DATA
 0004:00000060 00000180H .rsrc$02                DATA

  Address         Publics by Value              Rva+Base       Lib:Object

 0000:00000000       ___guard_fids_count        00000000     <absolute>
 0000:00000000       ___guard_fids_table        00000000     <absolute>
 0000:00000000       ___safe_se_handler_table   00000000     <absolute>
 0000:00000000       ___guard_flags             00000000     <absolute>
 0000:00000000       ___safe_se_handler_count   00000000     <absolute>
 0001:00000000       _asm_memcpy_mmx            10001000     libk:_memcpy.obj
 0001:00000032       _asm_memcpy_sse            10001032     libk:_memcpy.obj
 0001:00000090       _RtcIrqHandler             10001090 f   Rtc.obj
 0001:000000d0       _RtcGetClocks              100010d0 f   Rtc.obj
 0001:000000f0       _RtcSleep                  100010f0 f   Rtc.obj
 0001:00000160       _RtcStall                  10001160 f   Rtc.obj
 0001:000001d0       _ModuleInit                100011d0 f   Rtc.obj
 0001:00000330       _MemCpyBase                10001330 f   libk:memcpy.obj
 0001:000003b0       _MemCpySelect              100013b0 f   libk:memcpy.obj
 0001:000003e0       _memcpy                    100013e0 f   libk:memcpy.obj
 0001:00000400       _memset                    10001400 f   libk:memset.obj
 0002:00000000       __imp__CmosWriteRegister   10002000     Cmos:Cmos.mod
 0002:00000004       __imp__CmosReadRegister    10002004     Cmos:Cmos.mod
 0002:00000008       \177Cmos_NULL_THUNK_DATA   10002008     Cmos:Cmos.mod
 0002:0000000c       __imp__kmalloc             1000200c     MCore:MCore.mos
 0002:00000010       __imp__DmRequestResource   10002010     MCore:MCore.mos
 0002:00000014       __imp__InterruptDisable    10002014     MCore:MCore.mos
 0002:00000018       __imp__LogFatal            10002018     MCore:MCore.mos
 0002:0000001c       __imp__kfree               1000201c     MCore:MCore.mos
 0002:00000020       __imp__InterruptRestoreState 10002020     MCore:MCore.mos
 0002:00000024       __imp__IThreadYield        10002024     MCore:MCore.mos
 0002:00000028       __imp__DelayMs             10002028     MCore:MCore.mos
 0002:0000002c       __imp__DmCreateDevice      1000202c     MCore:MCore.mos
 0002:00000030       \177MCore_NULL_THUNK_DATA  10002030     MCore:MCore.mos
 0002:00000078       _GlbRtcDriverName          10002078     Rtc.obj
 0002:00000134       __IMPORT_DESCRIPTOR_MCore  10002134     MCore:MCore.mos
 0002:00000148       __IMPORT_DESCRIPTOR_Cmos   10002148     Cmos:Cmos.mod
 0002:0000015c       __NULL_IMPORT_DESCRIPTOR   1000215c     MCore:MCore.mos
 0003:00000058       ___GlbMemCpyInstance       10003058     libk:memcpy.obj

 entry point at        0000:00000000

 Static symbols

 0000:ffffa000       .debug$S                   10000000     MCore:MCore.mos
 0000:ffffa000       .debug$S                   10000000     Cmos:Cmos.mod
 0000:ffffa000       .debug$S                   10000000     Cmos:Cmos.mod
 0000:ffffa000       .debug$S                   10000000     MCore:MCore.mos
 0000:ffffa000       .debug$S                   10000000     MCore:MCore.mos
 0000:ffffa000       .debug$S                   10000000     MCore:MCore.mos
 0000:ffffa000       .debug$S                   10000000     MCore:MCore.mos
 0000:ffffa000       .debug$S                   10000000     MCore:MCore.mos
 0000:ffffa000       .debug$S                   10000000     MCore:MCore.mos
 0000:ffffa000       .debug$S                   10000000     MCore:MCore.mos
 0000:ffffa000       .debug$S                   10000000     MCore:MCore.mos
 0001:00000015       MmxLoop                    10001015     libk:_memcpy.obj
 0001:00000026       MmxRemain                  10001026     libk:_memcpy.obj
 0001:0000002e       MmxDone                    1000102e     libk:_memcpy.obj
 0001:00000055       AlignedLoop                10001055     libk:_memcpy.obj
 0001:00000066       UnalignedLoop              10001066     libk:_memcpy.obj
 0001:00000075       SseDone                    10001075     libk:_memcpy.obj
 0001:00000077       SseRemain                  10001077     libk:_memcpy.obj
 0001:0000007f       CpyDone                    1000107f     libk:_memcpy.obj
 0002:00000080       .edata                     10002080     Rtc.exp
 0002:000000a8       rgpv                       100020a8     Rtc.exp
 0002:000000ac       rgszName                   100020ac     Rtc.exp
 0002:000000b0       rgwOrd                     100020b0     Rtc.exp
 0002:000000b2       szName                     100020b2     Rtc.exp
 0002:000000ba       $N00001                    100020ba     Rtc.exp
 0002:0000022e       .idata$6                   1000222e     MCore:MCore.mos
 0002:00000260       .idata$6                   10002260     Cmos:Cmos.mod
 0003:00000000       $SG4294967291              10003000     Rtc.obj
 0003:00000014       $SG4294967290              10003014     Rtc.obj
 0003:00000044       $SG4294967289              10003044     Rtc.obj
 0003:0000004c       $SG4294967288              1000304c     Rtc.obj
 0004:00000060       $R000000                   10004060     * linker generated manifest res *

 Exports

  ordinal    name

        1    _ModuleInit
               exported name: ModuleInit
