 Uhci

 Timestamp is 58593982 (Tue Dec 20 15:00:34 2016)

 Preferred load address is 10000000

 Start         Length     Name                   Class
 0001:00000000 000000f0H .text                   CODE
 0001:000000f0 00002265H .text$mn                CODE
 0002:00000000 00000064H .idata$5                DATA
 0002:00000070 0000005cH .rdata                  DATA
 0002:000000d0 00000046H .edata                  DATA
 0002:00000118 00000070H .rdata$debug            DATA
 0002:00000188 00000028H .idata$2                DATA
 0002:000001b0 00000014H .idata$3                DATA
 0002:000001c4 00000064H .idata$4                DATA
 0002:00000228 00000198H .idata$6                DATA
 0003:00000000 000002d1H .data                   DATA
 0003:000002d4 00000008H .bss                    DATA
 0004:00000000 00000058H .rsrc$01                DATA
 0004:00000060 00000180H .rsrc$02                DATA

  Address         Publics by Value              Rva+Base       Lib:Object

 0000:00000000       ___guard_flags             00000000     <absolute>
 0000:00000000       ___safe_se_handler_count   00000000     <absolute>
 0000:00000000       ___guard_fids_table        00000000     <absolute>
 0000:00000000       ___guard_fids_count        00000000     <absolute>
 0000:00000000       ___safe_se_handler_table   00000000     <absolute>
 0001:00000000       _asm_memcpy_mmx            10001000     libk:_memcpy.obj
 0001:00000032       _asm_memcpy_sse            10001032     libk:_memcpy.obj
 0001:00000090       __spinlock_acquire         10001090     libk:_spinlock.obj
 0001:000000b7       __spinlock_test            100010b7     libk:_spinlock.obj
 0001:000000dc       __spinlock_release         100010dc     libk:_spinlock.obj
 0001:000000f0       _ModuleInit                100010f0 f   Uhci.obj
 0001:00000230       _UhciReset                 10001230 f   Uhci.obj
 0001:00000340       _UhciSetup                 10001340 f   Uhci.obj
 0001:000005c0       _UhciInitQueues            100015c0 f   Uhci.obj
 0001:00000960       _UhciPortReset             10001960 f   Uhci.obj
 0001:00000a90       _UhciPortsCheck            10001a90 f   Uhci.obj
 0001:00000b10       _UhciPortSetup             10001b10 f   Uhci.obj
 0001:00000b70       _UhciAllocateQh            10001b70 f   Uhci.obj
 0001:00000c80       _OhciAllocateTd            10001c80 f   Uhci.obj
 0001:00000d50       _UhciTdSetup               10001d50 f   Uhci.obj
 0001:00000de0       _UhciTdIo                  10001de0 f   Uhci.obj
 0001:00000ef0       _UhciEndpointSetup         10001ef0 f   Uhci.obj
 0001:00001070       _UhciEndpointDestroy       10002070 f   Uhci.obj
 0001:000010e0       _UhciReleaseBandwidth      100020e0 f   Uhci.obj
 0001:00001120       _UhciLinkIsochronousRequest 10002120 f   Uhci.obj
 0001:00001180       _UhciUnlinkIsochronousRequest 10002180 f   Uhci.obj
 0001:000011b0       _UhciTransactionInit       100021b0 f   Uhci.obj
 0001:000013b0       _UhciTransactionSetup      100023b0 f   Uhci.obj
 0001:00001400       _UhciTransactionIn         10002400 f   Uhci.obj
 0001:000014d0       _UhciTransactionOut        100024d0 f   Uhci.obj
 0001:000015c0       _UhciTransactionSend       100025c0 f   Uhci.obj
 0001:00001830       _UhciTransactionDestroy    10002830 f   Uhci.obj
 0001:00001a50       _UhciFixupToggles          10002a50 f   Uhci.obj
 0001:00001a90       _UhciProcessRequest        10002a90 f   Uhci.obj
 0001:00001cb0       _UhciProcessTransfers      10002cb0 f   Uhci.obj
 0001:00001de0       _UhciInterruptHandler      10002de0 f   Uhci.obj
 0001:00001e90       _MemCpyBase                10002e90 f   libk:memcpy.obj
 0001:00001f10       _MemCpySelect              10002f10 f   libk:memcpy.obj
 0001:00001f40       _memcpy                    10002f40 f   libk:memcpy.obj
 0001:00001f60       _memset                    10002f60 f   libk:memset.obj
 0001:00002020       _ListCreate                10003020 f   libk:list.obj
 0001:00002050       _ListCreateNode            10003050 f   libk:list.obj
 0001:00002090       _ListInsert                10003090 f   libk:list.obj
 0001:00002180       _ListAppend                10003180 f   libk:list.obj
 0001:000021f0       _ListUnlinkNode            100031f0 f   libk:list.obj
 0001:00002290       _ListRemoveByNode          10003290 f   libk:list.obj
 0001:000022b0       _SpinlockReset             100032b0 f   libk:spinlock.obj
 0001:000022c0       _SpinlockAcquire           100032c0 f   libk:spinlock.obj
 0001:000022e0       _SpinlockRelease           100032e0 f   libk:spinlock.obj
 0001:000022f0       _dsalloc                   100032f0 f   libk:ds.obj
 0001:00002300       _dssortkey                 10003300 f   libk:ds.obj
 0002:00000000       __imp__LogInformation      10004000     MCore:MCore.mos
 0002:00000004       __imp__AddressSpaceGetCurrent 10004004     MCore:MCore.mos
 0002:00000008       __imp__IThreadYield        10004008     MCore:MCore.mos
 0002:0000000c       __imp__SchedulerWakeupOneThread 1000400c     MCore:MCore.mos
 0002:00000010       __imp__PciDeviceWrite      10004010     MCore:MCore.mos
 0002:00000014       __imp__IoSpaceWrite        10004014     MCore:MCore.mos
 0002:00000018       __imp__kernel_panic        10004018     MCore:MCore.mos
 0002:0000001c       __imp__LogFatal            1000401c     MCore:MCore.mos
 0002:00000020       __imp__AddressSpaceGetMap  10004020     MCore:MCore.mos
 0002:00000024       __imp__kmalloc             10004024     MCore:MCore.mos
 0002:00000028       __imp__DmRequestResource   10004028     MCore:MCore.mos
 0002:0000002c       __imp__StallMs             1000402c     MCore:MCore.mos
 0002:00000030       __imp__kmalloc_a           10004030     MCore:MCore.mos
 0002:00000034       __imp__SchedulerSleepThread 10004034     MCore:MCore.mos
 0002:00000038       __imp__IoSpaceRead         10004038     MCore:MCore.mos
 0002:0000003c       __imp__kmalloc_apm         1000403c     MCore:MCore.mos
 0002:00000040       __imp__PciDeviceRead       10004040     MCore:MCore.mos
 0002:00000044       __imp__kfree               10004044     MCore:MCore.mos
 0002:00000048       __imp__LogDebug            10004048     MCore:MCore.mos
 0002:0000004c       \177MCore_NULL_THUNK_DATA  1000404c     MCore:MCore.mos
 0002:00000050       __imp__UsbRegisterController 10004050     UsbCore:UsbCore.mod
 0002:00000054       __imp__UsbGetHcd           10004054     UsbCore:UsbCore.mod
 0002:00000058       __imp__UsbInitController   10004058     UsbCore:UsbCore.mod
 0002:0000005c       __imp__UsbEventCreate      1000405c     UsbCore:UsbCore.mod
 0002:00000060       \177UsbCore_NULL_THUNK_DATA 10004060     UsbCore:UsbCore.mod
 0002:000000a8       _GlbUhciDriverName         100040a8     Uhci.obj
 0002:000000ac       _UhciErrorMessages         100040ac     Uhci.obj
 0002:00000188       __IMPORT_DESCRIPTOR_MCore  10004188     MCore:MCore.mos
 0002:0000019c       __IMPORT_DESCRIPTOR_UsbCore 1000419c     UsbCore:UsbCore.mod
 0002:000001b0       __NULL_IMPORT_DESCRIPTOR   100041b0     MCore:MCore.mos
 0003:000002d4       _GlbUhciId                 100052d4     Uhci.obj
 0003:000002d8       ___GlbMemCpyInstance       100052d8     libk:memcpy.obj

 entry point at        0000:00000000

 Static symbols

 0000:ffff8000       .debug$S                   10000000     MCore:MCore.mos
 0000:ffff8000       .debug$S                   10000000     UsbCore:UsbCore.mod
 0000:ffff8000       .debug$S                   10000000     UsbCore:UsbCore.mod
 0000:ffff8000       .debug$S                   10000000     UsbCore:UsbCore.mod
 0000:ffff8000       .debug$S                   10000000     UsbCore:UsbCore.mod
 0000:ffff8000       .debug$S                   10000000     MCore:MCore.mos
 0000:ffff8000       .debug$S                   10000000     MCore:MCore.mos
 0000:ffff8000       .debug$S                   10000000     MCore:MCore.mos
 0000:ffff8000       .debug$S                   10000000     MCore:MCore.mos
 0000:ffff8000       .debug$S                   10000000     MCore:MCore.mos
 0000:ffff8000       .debug$S                   10000000     MCore:MCore.mos
 0000:ffff8000       .debug$S                   10000000     MCore:MCore.mos
 0000:ffff8000       .debug$S                   10000000     MCore:MCore.mos
 0000:ffff8000       .debug$S                   10000000     MCore:MCore.mos
 0000:ffff8000       .debug$S                   10000000     MCore:MCore.mos
 0000:ffff8000       .debug$S                   10000000     MCore:MCore.mos
 0000:ffff8000       .debug$S                   10000000     MCore:MCore.mos
 0000:ffff8000       .debug$S                   10000000     MCore:MCore.mos
 0000:ffff8000       .debug$S                   10000000     MCore:MCore.mos
 0000:ffff8000       .debug$S                   10000000     MCore:MCore.mos
 0000:ffff8000       .debug$S                   10000000     MCore:MCore.mos
 0000:ffff8000       .debug$S                   10000000     MCore:MCore.mos
 0000:ffff8000       .debug$S                   10000000     MCore:MCore.mos
 0001:00000015       MmxLoop                    10001015     libk:_memcpy.obj
 0001:00000026       MmxRemain                  10001026     libk:_memcpy.obj
 0001:0000002e       MmxDone                    1000102e     libk:_memcpy.obj
 0001:00000055       AlignedLoop                10001055     libk:_memcpy.obj
 0001:00000066       UnalignedLoop              10001066     libk:_memcpy.obj
 0001:00000075       SseDone                    10001075     libk:_memcpy.obj
 0001:00000077       SseRemain                  10001077     libk:_memcpy.obj
 0001:0000007f       CpyDone                    1000107f     libk:_memcpy.obj
 0001:000000a0       __spinlock_acquire.trylock 100010a0     libk:_spinlock.obj
 0001:000000a6       __spinlock_acquire.lockloop 100010a6     libk:_spinlock.obj
 0001:000000af       __spinlock_acquire.gotlock 100010af     libk:_spinlock.obj
 0001:000000d4       __spinlock_test.gotlock    100010d4     libk:_spinlock.obj
 0001:000000d9       __spinlock_test.end        100010d9     libk:_spinlock.obj
 0001:000000ed       __spinlock_release.done    100010ed     libk:_spinlock.obj
 0002:000000d0       .edata                     100040d0     Uhci.exp
 0002:000000f8       rgpv                       100040f8     Uhci.exp
 0002:000000fc       rgszName                   100040fc     Uhci.exp
 0002:00000100       rgwOrd                     10004100     Uhci.exp
 0002:00000102       szName                     10004102     Uhci.exp
 0002:0000010b       $N00001                    1000410b     Uhci.exp
 0002:00000360       .idata$6                   10004360     MCore:MCore.mos
 0002:000003b4       .idata$6                   100043b4     UsbCore:UsbCore.mod
 0003:00000000       $SG4294967291              10005000     Uhci.obj
 0003:00000018       $SG4294967290              10005018     Uhci.obj
 0003:00000024       $SG4294967289              10005024     Uhci.obj
 0003:00000034       $SG4294967288              10005034     Uhci.obj
 0003:00000048       $SG4294967287              10005048     Uhci.obj
 0003:00000058       $SG4294967286              10005058     Uhci.obj
 0003:00000068       $SG4294967285              10005068     Uhci.obj
 0003:0000007c       $SG4294967284              1000507c     Uhci.obj
 0003:00000084       $SG4294967283              10005084     Uhci.obj
 0003:0000008c       $SG4294967282              1000508c     Uhci.obj
 0003:000000a4       $SG4294967281              100050a4     Uhci.obj
 0003:000000ac       $SG4294967280              100050ac     Uhci.obj
 0003:000000dc       $SG4294967279              100050dc     Uhci.obj
 0003:000000e4       $SG4294967278              100050e4     Uhci.obj
 0003:00000104       $SG4294967277              10005104     Uhci.obj
 0003:0000010c       $SG4294967276              1000510c     Uhci.obj
 0003:0000012c       $SG4294967275              1000512c     Uhci.obj
 0003:00000134       $SG4294967274              10005134     Uhci.obj
 0003:00000174       $SG4294967273              10005174     Uhci.obj
 0003:0000017c       $SG4294967272              1000517c     Uhci.obj
 0003:00000198       $SG4294967271              10005198     Uhci.obj
 0003:000001a0       $SG4294967270              100051a0     Uhci.obj
 0003:000001c0       $SG4294967269              100051c0     Uhci.obj
 0003:000001e4       $SG4294967268              100051e4     Uhci.obj
 0003:000001f8       $SG4294967267              100051f8     Uhci.obj
 0003:00000200       $SG4294967266              10005200     Uhci.obj
 0003:00000228       $SG4294967265              10005228     Uhci.obj
 0003:00000230       $SG4294967264              10005230     Uhci.obj
 0003:00000244       $SG4294967263              10005244     Uhci.obj
 0003:0000024c       $SG4294967262              1000524c     Uhci.obj
 0003:0000026c       $SG4294967261              1000526c     Uhci.obj
 0003:00000274       $SG4294967260              10005274     Uhci.obj
 0003:000002b0       $SG4294967259              100052b0     Uhci.obj
 0003:000002b8       $SG4294967258              100052b8     Uhci.obj
 0003:000002cc       $SG4294967257              100052cc     Uhci.obj
 0004:00000060       $R000000                   10006060     * linker generated manifest res *

 Exports

  ordinal    name

        1    _ModuleInit
               exported name: ModuleInit
