 UsbCore

 Timestamp is 58593981 (Tue Dec 20 15:00:33 2016)

 Preferred load address is 10000000

 Start         Length     Name                   Class
 0001:00000000 000000f0H .text                   CODE
 0001:000000f0 00004885H .text$mn                CODE
 0002:00000000 00000038H .idata$5                DATA
 0002:00000040 00000080H .rdata                  DATA
 0002:000000c0 000003cbH .edata                  DATA
 0002:0000048c 00000070H .rdata$debug            DATA
 0002:000004fc 00000014H .idata$2                DATA
 0002:00000510 00000014H .idata$3                DATA
 0002:00000524 00000038H .idata$4                DATA
 0002:0000055c 000000ceH .idata$6                DATA
 0003:00000000 00000921H .data                   DATA
 0003:00000924 0000001cH .bss                    DATA
 0004:00000000 00000058H .rsrc$01                DATA
 0004:00000060 00000180H .rsrc$02                DATA

  Address         Publics by Value              Rva+Base       Lib:Object

 0000:00000000       ___safe_se_handler_count   00000000     <absolute>
 0000:00000000       ___guard_fids_table        00000000     <absolute>
 0000:00000000       ___safe_se_handler_table   00000000     <absolute>
 0000:00000000       ___guard_flags             00000000     <absolute>
 0000:00000000       ___guard_fids_count        00000000     <absolute>
 0001:00000000       _asm_memcpy_mmx            10001000     libk:_memcpy.obj
 0001:00000032       _asm_memcpy_sse            10001032     libk:_memcpy.obj
 0001:00000090       __spinlock_acquire         10001090     libk:_spinlock.obj
 0001:000000b7       __spinlock_test            100010b7     libk:_spinlock.obj
 0001:000000dc       __spinlock_release         100010dc     libk:_spinlock.obj
 0001:000000f0       _UsbHidCollectionInsertChild 100010f0 f   UsbHid.obj
 0001:00000180       _UsbHidGetBits             10001180 f   UsbHid.obj
 0001:00000220       _UsbHidInit                10001220 f   UsbHid.obj
 0001:00000630       _UsbHidDestroy             10001630 f   UsbHid.obj
 0001:000006c0       _UsbHidParseGlobalItem     100016c0 f   UsbHid.obj
 0001:000008a0       _UsbHidParseReportDescriptor 100018a0 f   UsbHid.obj
 0001:00000c70       _UsbHidApplyCollectionData 10001c70 f   UsbHid.obj
 0001:00000fb0       _UsbHidCallback            10001fb0 f   UsbHid.obj
 0001:00000ff0       _UsbMsdInit                10001ff0 f   UsbMsd.obj
 0001:00001360       _UsbMsdDestroy             10002360 f   UsbMsd.obj
 0001:000013c0       _UsbMsdResetRecovery       100023c0 f   UsbMsd.obj
 0001:00001470       _UsbMsdBuildSCSICommand    10002470 f   UsbMsd.obj
 0001:000018d0       _UsbMsdBuildSCSICommandUFI 100028d0 f   UsbMsd.obj
 0001:000019f0       _UsbMsdSanityCsw           100029f0 f   UsbMsd.obj
 0001:00001a30       _UsbMsdSendSCSICommandIn   10002a30 f   UsbMsd.obj
 0001:00001c60       _UsbMsdSendSCSICommandOut  10002c60 f   UsbMsd.obj
 0001:00001ee0       _UsbMsdReadyDevice         10002ee0 f   UsbMsd.obj
 0001:00001fc0       _UsbMsdReadCapacity        10002fc0 f   UsbMsd.obj
 0001:00002110       _UsbMsdReadSectors         10003110 f   UsbMsd.obj
 0001:00002150       _UsbMsdWriteSectors        10003150 f   UsbMsd.obj
 0001:00002190       _ModuleInit                10003190 f   UsbCore.obj
 0001:00002200       _UsbInitController         10003200 f   UsbCore.obj
 0001:00002240       _UsbRegisterController     10003240 f   UsbCore.obj
 0001:00002270       _UsbEventCreate            10003270 f   UsbCore.obj
 0001:000022c0       _UsbReserveAddress         100032c0 f   UsbCore.obj
 0001:00002300       _UsbDeviceSetup            10003300 f   UsbCore.obj
 0001:000026f0       _UsbDeviceDestroy          100036f0 f   UsbCore.obj
 0001:00002880       _UsbWatchdog               10003880 f   UsbCore.obj
 0001:000028b0       _UsbEventHandler           100038b0 f   UsbCore.obj
 0001:000029d0       _UsbGetHcd                 100039d0 f   UsbCore.obj
 0001:000029e0       _UsbGetPort                100039e0 f   UsbCore.obj
 0001:00002a00       _UsbTransactionInit        10003a00 f   UsbFunctions.obj
 0001:00002a50       _UsbTransactionSetup       10003a50 f   UsbFunctions.obj
 0001:00002ad0       _UsbTransactionIn          10003ad0 f   UsbFunctions.obj
 0001:00002be0       _UsbTransactionOut         10003be0 f   UsbFunctions.obj
 0001:00002d30       _UsbTransactionSend        10003d30 f   UsbFunctions.obj
 0001:00002d90       _UsbTransactionDestroy     10003d90 f   UsbFunctions.obj
 0001:00002dd0       _UsbFunctionSetAddress     10003dd0 f   UsbFunctions.obj
 0001:00002ed0       _UsbFunctionGetDeviceDescriptor 10003ed0 f   UsbFunctions.obj
 0001:000030b0       _UsbFunctionGetInitialConfigDescriptor 100040b0 f   UsbFunctions.obj
 0001:000031f0       _UsbFunctionGetConfigDescriptor 100041f0 f   UsbFunctions.obj
 0001:00003660       _UsbFunctionSetConfiguration 10004660 f   UsbFunctions.obj
 0001:00003750       _UsbFunctionGetStringLanguages 10004750 f   UsbFunctions.obj
 0001:000038c0       _UsbFunctionGetStringDescriptor 100048c0 f   UsbFunctions.obj
 0001:000039d0       _UsbFunctionClearFeature   100049d0 f   UsbFunctions.obj
 0001:00003ad0       _UsbFunctionSetFeature     10004ad0 f   UsbFunctions.obj
 0001:00003bd0       _UsbFunctionGetDescriptor  10004bd0 f   UsbFunctions.obj
 0001:00003cf0       _UsbFunctionSendPacket     10004cf0 f   UsbFunctions.obj
 0001:00003e40       _UsbFunctionInstallPipe    10004e40 f   UsbFunctions.obj
 0001:00003ed0       _UsbSchedulerInit          10004ed0 f   UsbScheduler.obj
 0001:00003f50       _UsbSchedulerDestroy       10004f50 f   UsbScheduler.obj
 0001:00003f70       _UsbCalculateBandwidth     10004f70 f   UsbScheduler.obj
 0001:000040b0       _UsbSchedulerValidate      100050b0 f   UsbScheduler.obj
 0001:00004160       _UsbSchedulerReserveBandwidth 10005160 f   UsbScheduler.obj
 0001:00004300       _UsbSchedulerReleaseBandwidth 10005300 f   UsbScheduler.obj
 0001:000043b0       _MemCpyBase                100053b0 f   libk:memcpy.obj
 0001:00004430       _MemCpySelect              10005430 f   libk:memcpy.obj
 0001:00004460       _memcpy                    10005460 f   libk:memcpy.obj
 0001:00004480       _memset                    10005480 f   libk:memset.obj
 0001:00004540       _ListCreate                10005540 f   libk:list.obj
 0001:00004570       _ListCreateNode            10005570 f   libk:list.obj
 0001:000045b0       _ListInsert                100055b0 f   libk:list.obj
 0001:000046a0       _ListAppend                100056a0 f   libk:list.obj
 0001:00004710       _ListPopFront              10005710 f   libk:list.obj
 0001:00004790       _ListGetNodeByKey          10005790 f   libk:list.obj
 0001:00004820       _ListGetDataByKey          10005820 f   libk:list.obj
 0001:00004850       _MStringDestroy            10005850 f   libk:mstringdestroy.obj
 0001:00004870       _SpinlockReset             10005870 f   libk:spinlock.obj
 0001:00004880       _SpinlockAcquire           10005880 f   libk:spinlock.obj
 0001:000048a0       _SpinlockRelease           100058a0 f   libk:spinlock.obj
 0001:000048b0       _dsalloc                   100058b0 f   libk:ds.obj
 0001:000048c0       _dsfree                    100058c0 f   libk:ds.obj
 0001:000048d0       _dsmatchkey                100058d0 f   libk:ds.obj
 0001:00004920       _dssortkey                 10005920 f   libk:ds.obj
 0002:00000000       __imp__LogInformation      10006000     MCore:MCore.mos
 0002:00000004       __imp__DmCreateDevice      10006004     MCore:MCore.mos
 0002:00000008       __imp__LogFatal            10006008     MCore:MCore.mos
 0002:0000000c       __imp__kmalloc             1000600c     MCore:MCore.mos
 0002:00000010       __imp__DmDestroyDevice     10006010     MCore:MCore.mos
 0002:00000014       __imp__kfree               10006014     MCore:MCore.mos
 0002:00000018       __imp__StallMs             10006018     MCore:MCore.mos
 0002:0000001c       __imp__LogDebug            1000601c     MCore:MCore.mos
 0002:00000020       __imp__TimersCreateTimer   10006020     MCore:MCore.mos
 0002:00000024       __imp__ThreadingCreateThread 10006024     MCore:MCore.mos
 0002:00000028       __imp__SemaphoreP          10006028     MCore:MCore.mos
 0002:0000002c       __imp__SemaphoreCreate     1000602c     MCore:MCore.mos
 0002:00000030       __imp__SemaphoreV          10006030     MCore:MCore.mos
 0002:00000034       \177MCore_NULL_THUNK_DATA  10006034     MCore:MCore.mos
 0002:00000078       _GlbUsbHidDriverName       10006078     UsbHid.obj
 0002:0000007c       _GlbUsbMsdDriverName       1000607c     UsbMsd.obj
 0002:00000080       _SenseKeys                 10006080     UsbMsd.obj
 0002:000004fc       __IMPORT_DESCRIPTOR_MCore  100064fc     MCore:MCore.mos
 0002:00000510       __NULL_IMPORT_DESCRIPTOR   10006510     MCore:MCore.mos
 0003:00000924       _GlbEventLock              10007924     UsbCore.obj
 0003:00000928       _GlbUsbControllers         10007928     UsbCore.obj
 0003:0000092c       _GlbUsbEvents              1000792c     UsbCore.obj
 0003:00000930       _GlbUsbInitialized         10007930     UsbCore.obj
 0003:00000934       _GlbUsbDevices             10007934     UsbCore.obj
 0003:00000938       _GlbUsbControllerId        10007938     UsbCore.obj
 0003:0000093c       ___GlbMemCpyInstance       1000793c     libk:memcpy.obj

 entry point at        0000:00000000

 Static symbols

 0000:ffff6000       .debug$S                   10000000     MCore:MCore.mos
 0000:ffff6000       .debug$S                   10000000     MCore:MCore.mos
 0000:ffff6000       .debug$S                   10000000     MCore:MCore.mos
 0000:ffff6000       .debug$S                   10000000     MCore:MCore.mos
 0000:ffff6000       .debug$S                   10000000     MCore:MCore.mos
 0000:ffff6000       .debug$S                   10000000     MCore:MCore.mos
 0000:ffff6000       .debug$S                   10000000     MCore:MCore.mos
 0000:ffff6000       .debug$S                   10000000     MCore:MCore.mos
 0000:ffff6000       .debug$S                   10000000     MCore:MCore.mos
 0000:ffff6000       .debug$S                   10000000     MCore:MCore.mos
 0000:ffff6000       .debug$S                   10000000     MCore:MCore.mos
 0000:ffff6000       .debug$S                   10000000     MCore:MCore.mos
 0000:ffff6000       .debug$S                   10000000     MCore:MCore.mos
 0001:00000015       MmxLoop                    10001015     libk:_memcpy.obj
 0001:00000026       MmxRemain                  10001026     libk:_memcpy.obj
 0001:0000002e       MmxDone                    1000102e     libk:_memcpy.obj
 0001:00000055       AlignedLoop                10001055     libk:_memcpy.obj
 0001:00000066       UnalignedLoop              10001066     libk:_memcpy.obj
 0001:00000075       SseDone                    10001075     libk:_memcpy.obj
 0001:00000077       SseRemain                  10001077     libk:_memcpy.obj
 0001:0000007f       CpyDone                    1000107f     libk:_memcpy.obj
 0001:000000a0       __spinlock_acquire.trylock 100010a0     libk:_spinlock.obj
 0001:000000a6       __spinlock_acquire.lockloop 100010a6     libk:_spinlock.obj
 0001:000000af       __spinlock_acquire.gotlock 100010af     libk:_spinlock.obj
 0001:000000d4       __spinlock_test.gotlock    100010d4     libk:_spinlock.obj
 0001:000000d9       __spinlock_test.end        100010d9     libk:_spinlock.obj
 0001:000000ed       __spinlock_release.done    100010ed     libk:_spinlock.obj
 0001:000007d4       $LN30                      100017d4     UsbHid.obj
 0001:00000800       $LN28                      10001800     UsbHid.obj
 0001:00000f94       $LN73                      10001f94     UsbHid.obj
 0001:00000fa4       $LN64                      10001fa4     UsbHid.obj
 0001:000017ec       $LN34                      100027ec     UsbMsd.obj
 0001:00001824       $LN26                      10002824     UsbMsd.obj
 0001:000019ac       $LN19                      100029ac     UsbMsd.obj
 0001:000019c0       $LN13                      100029c0     UsbMsd.obj
 0001:000029b4       $LN20                      100039b4     UsbCore.obj
 0001:00004094       $LN16                      10005094     UsbScheduler.obj
 0002:000000c0       .edata                     100060c0     UsbCore.exp
 0002:000000e8       rgpv                       100060e8     UsbCore.exp
 0002:0000015c       rgszName                   1000615c     UsbCore.exp
 0002:000001d0       rgwOrd                     100061d0     UsbCore.exp
 0002:0000020a       szName                     1000620a     UsbCore.exp
 0002:00000216       $N00001                    10006216     UsbCore.exp
 0002:00000221       $N00002                    10006221     UsbCore.exp
 0002:00000237       $N00003                    10006237     UsbCore.exp
 0002:00000246       $N00004                    10006246     UsbCore.exp
 0002:0000025e       $N00005                    1000625e     UsbCore.exp
 0002:0000027d       $N00006                    1000627d     UsbCore.exp
 0002:00000296       $N00007                    10006296     UsbCore.exp
 0002:000002b5       $N00008                    100062b5     UsbCore.exp
 0002:000002d4       $N00009                    100062d4     UsbCore.exp
 0002:000002f2       $N00010                    100062f2     UsbCore.exp
 0002:00000309       $N00011                    10006309     UsbCore.exp
 0002:0000031f       $N00012                    1000631f     UsbCore.exp
 0002:00000335       $N00013                    10006335     UsbCore.exp
 0002:00000351       $N00014                    10006351     UsbCore.exp
 0002:00000367       $N00015                    10006367     UsbCore.exp
 0002:00000371       $N00016                    10006371     UsbCore.exp
 0002:0000037c       $N00017                    1000637c     UsbCore.exp
 0002:0000038e       $N00018                    1000638e     UsbCore.exp
 0002:000003a4       $N00019                    100063a4     UsbCore.exp
 0002:000003b8       $N00020                    100063b8     UsbCore.exp
 0002:000003c9       $N00021                    100063c9     UsbCore.exp
 0002:000003e6       $N00022                    100063e6     UsbCore.exp
 0002:00000403       $N00023                    10006403     UsbCore.exp
 0002:00000418       $N00024                    10006418     UsbCore.exp
 0002:0000042e       $N00025                    1000642e     UsbCore.exp
 0002:0000043f       $N00026                    1000643f     UsbCore.exp
 0002:00000452       $N00027                    10006452     UsbCore.exp
 0002:00000464       $N00028                    10006464     UsbCore.exp
 0002:00000477       $N00029                    10006477     UsbCore.exp
 0002:00000620       .idata$6                   10006620     MCore:MCore.mos
 0003:00000000       $SG4294967291              10007000     UsbHid.obj
 0003:00000018       $SG4294967290              10007018     UsbHid.obj
 0003:00000038       $SG4294967289              10007038     UsbHid.obj
 0003:00000040       $SG4294967288              10007040     UsbHid.obj
 0003:0000006c       $SG4294967287              1000706c     UsbHid.obj
 0003:00000074       $SG4294967286              10007074     UsbHid.obj
 0003:00000098       $SG4294967285              10007098     UsbHid.obj
 0003:000000a0       $SG4294967284              100070a0     UsbHid.obj
 0003:000000ac       $SG4294967283              100070ac     UsbHid.obj
 0003:000000bc       $SG4294967282              100070bc     UsbHid.obj
 0003:000000c4       $SG4294967281              100070c4     UsbHid.obj
 0003:000000d8       $SG4294967280              100070d8     UsbHid.obj
 0003:000000e0       $SG4294967279              100070e0     UsbHid.obj
 0003:00000114       $SG4294967278              10007114     UsbHid.obj
 0003:0000011c       $SG4294967277              1000711c     UsbHid.obj
 0003:00000144       $SG4294967276              10007144     UsbHid.obj
 0003:0000014c       $SG4294967275              1000714c     UsbHid.obj
 0003:00000174       $SG4294967274              10007174     UsbHid.obj
 0003:0000017c       $SG4294967273              1000717c     UsbHid.obj
 0003:0000018c       $SG4294967272              1000718c     UsbHid.obj
 0003:00000194       $SG4294967271              10007194     UsbHid.obj
 0003:000001d0       $SG4294967270              100071d0     UsbHid.obj
 0003:000001d8       $SG4294967219              100071d8     UsbMsd.obj
 0003:000001e4       $SG4294967217              100071e4     UsbMsd.obj
 0003:0000021c       $SG4294967215              1000721c     UsbMsd.obj
 0003:0000022c       $SG4294967213              1000722c     UsbMsd.obj
 0003:00000260       $SG4294967218              10007260     UsbMsd.obj
 0003:000002a4       $SG4294967211              100072a4     UsbMsd.obj
 0003:000002b0       $SG4294967216              100072b0     UsbMsd.obj
 0003:000002f8       $SG4294967214              100072f8     UsbMsd.obj
 0003:0000033c       $SG4294967212              1000733c     UsbMsd.obj
 0003:00000374       $SG4294967210              10007374     UsbMsd.obj
 0003:00000384       $SG4294967209              10007384     UsbMsd.obj
 0003:00000390       $SG4294967208              10007390     UsbMsd.obj
 0003:000003c4       $SG4294967207              100073c4     UsbMsd.obj
 0003:00000404       $SG4294967204              10007404     UsbMsd.obj
 0003:00000410       $SG4294967206              10007410     UsbMsd.obj
 0003:00000468       $SG4294967205              10007468     UsbMsd.obj
 0003:000004b0       $SG4294967203              100074b0     UsbMsd.obj
 0003:000004c8       $SG4294967202              100074c8     UsbMsd.obj
 0003:000004e8       $SG4294967201              100074e8     UsbMsd.obj
 0003:000004f0       $SG4294967200              100074f0     UsbMsd.obj
 0003:0000051c       $SG4294967199              1000751c     UsbMsd.obj
 0003:00000524       $SG4294967198              10007524     UsbMsd.obj
 0003:00000548       $SG4294967197              10007548     UsbMsd.obj
 0003:00000550       $SG4294967196              10007550     UsbMsd.obj
 0003:0000056c       $SG4294967195              1000756c     UsbMsd.obj
 0003:00000574       $SG4294967194              10007574     UsbMsd.obj
 0003:0000059c       $SG4294967193              1000759c     UsbMsd.obj
 0003:000005a4       $SG4294967192              100075a4     UsbMsd.obj
 0003:000005b0       $SG4294967191              100075b0     UsbMsd.obj
 0003:000005bc       $SG4294967190              100075bc     UsbMsd.obj
 0003:000005cc       $SG4294967189              100075cc     UsbMsd.obj
 0003:000005d4       $SG4294967188              100075d4     UsbMsd.obj
 0003:000005e4       $SG4294967187              100075e4     UsbMsd.obj
 0003:000005ec       $SG4294967186              100075ec     UsbMsd.obj
 0003:00000600       $SG4294967185              10007600     UsbMsd.obj
 0003:00000608       $SG4294967184              10007608     UsbMsd.obj
 0003:00000624       $SG4294967183              10007624     UsbMsd.obj
 0003:0000062c       $SG4294967121              1000762c     UsbCore.obj
 0003:00000640       $SG4294967120              10007640     UsbCore.obj
 0003:00000670       $SG4294967119              10007670     UsbCore.obj
 0003:00000678       $SG4294967118              10007678     UsbCore.obj
 0003:000006a4       $SG4294967117              100076a4     UsbCore.obj
 0003:000006ac       $SG4294967116              100076ac     UsbCore.obj
 0003:000006d8       $SG4294967115              100076d8     UsbCore.obj
 0003:000006e0       $SG4294967114              100076e0     UsbCore.obj
 0003:0000070c       $SG4294967113              1000770c     UsbCore.obj
 0003:00000714       $SG4294967112              10007714     UsbCore.obj
 0003:00000740       $SG4294967111              10007740     UsbCore.obj
 0003:00000748       $SG4294967110              10007748     UsbCore.obj
 0003:00000760       $SG4294967109              10007760     UsbCore.obj
 0003:00000768       $SG4294967108              10007768     UsbCore.obj
 0003:00000784       $SG4294967107              10007784     UsbCore.obj
 0003:0000078c       $SG4294967106              1000778c     UsbCore.obj
 0003:000007a0       $SG4294967105              100077a0     UsbCore.obj
 0003:000007a8       $SG4294967104              100077a8     UsbCore.obj
 0003:000007bc       $SG4294967103              100077bc     UsbCore.obj
 0003:000007c4       $SG4294967102              100077c4     UsbCore.obj
 0003:000007dc       $SG4294967101              100077dc     UsbCore.obj
 0003:000007e4       $SG4294967100              100077e4     UsbCore.obj
 0003:00000804       $SG4294967099              10007804     UsbCore.obj
 0003:0000080c       $SG4294967028              1000780c     UsbFunctions.obj
 0003:0000084c       $SG4294967027              1000784c     UsbFunctions.obj
 0003:00000854       $SG4294967026              10007854     UsbFunctions.obj
 0003:00000888       $SG4294967025              10007888     UsbFunctions.obj
 0003:00000890       $SG4294967024              10007890     UsbFunctions.obj
 0003:000008d4       $SG4294967023              100078d4     UsbFunctions.obj
 0003:000008dc       $SG4294967022              100078dc     UsbFunctions.obj
 0003:000008e0       $SG4294967021              100078e0     UsbFunctions.obj
 0003:000008e4       $SG4294967020              100078e4     UsbFunctions.obj
 0003:0000091c       $SG4294967019              1000791c     UsbFunctions.obj
 0004:00000060       $R000000                   10008060     * linker generated manifest res *

 Exports

  ordinal    name

        1    _ModuleInit
               exported name: ModuleInit
        2    _UsbCalculateBandwidth
               exported name: UsbCalculateBandwidth
        3    _UsbEventCreate
               exported name: UsbEventCreate
        4    _UsbFunctionClearFeature
               exported name: UsbFunctionClearFeature
        5    _UsbFunctionGetConfigDescriptor
               exported name: UsbFunctionGetConfigDescriptor
        6    _UsbFunctionGetDescriptor
               exported name: UsbFunctionGetDescriptor
        7    _UsbFunctionGetDeviceDescriptor
               exported name: UsbFunctionGetDeviceDescriptor
        8    _UsbFunctionGetStringDescriptor
               exported name: UsbFunctionGetStringDescriptor
        9    _UsbFunctionGetStringLanguages
               exported name: UsbFunctionGetStringLanguages
       10    _UsbFunctionInstallPipe
               exported name: UsbFunctionInstallPipe
       11    _UsbFunctionSendPacket
               exported name: UsbFunctionSendPacket
       12    _UsbFunctionSetAddress
               exported name: UsbFunctionSetAddress
       13    _UsbFunctionSetConfiguration
               exported name: UsbFunctionSetConfiguration
       14    _UsbFunctionSetFeature
               exported name: UsbFunctionSetFeature
       15    _UsbGetHcd
               exported name: UsbGetHcd
       16    _UsbGetPort
               exported name: UsbGetPort
       17    _UsbInitController
               exported name: UsbInitController
       18    _UsbRegisterController
               exported name: UsbRegisterController
       19    _UsbSchedulerDestroy
               exported name: UsbSchedulerDestroy
       20    _UsbSchedulerInit
               exported name: UsbSchedulerInit
       21    _UsbSchedulerReleaseBandwidth
               exported name: UsbSchedulerReleaseBandwidth
       22    _UsbSchedulerReserveBandwidth
               exported name: UsbSchedulerReserveBandwidth
       23    _UsbSchedulerValidate
               exported name: UsbSchedulerValidate
       24    _UsbTransactionDestroy
               exported name: UsbTransactionDestroy
       25    _UsbTransactionIn
               exported name: UsbTransactionIn
       26    _UsbTransactionInit
               exported name: UsbTransactionInit
       27    _UsbTransactionOut
               exported name: UsbTransactionOut
       28    _UsbTransactionSend
               exported name: UsbTransactionSend
       29    _UsbTransactionSetup
               exported name: UsbTransactionSetup
