/home/philip/Projects/vali/boot/uefi/efi/Build/VBoot/RELEASE_CLANGPDB/AARCH64/MdePkg/Library/BaseLib/BaseLib/OUTPUT/CheckSum.obj
/home/philip/Projects/vali/boot/uefi/efi/Build/VBoot/RELEASE_CLANGPDB/AARCH64/MdePkg/Library/BaseLib/BaseLib/OUTPUT/SwitchStack.obj
/home/philip/Projects/vali/boot/uefi/efi/Build/VBoot/RELEASE_CLANGPDB/AARCH64/MdePkg/Library/BaseLib/BaseLib/OUTPUT/SwapBytes64.obj
/home/philip/Projects/vali/boot/uefi/efi/Build/VBoot/RELEASE_CLANGPDB/AARCH64/MdePkg/Library/BaseLib/BaseLib/OUTPUT/SwapBytes32.obj
/home/philip/Projects/vali/boot/uefi/efi/Build/VBoot/RELEASE_CLANGPDB/AARCH64/MdePkg/Library/BaseLib/BaseLib/OUTPUT/SwapBytes16.obj
/home/philip/Projects/vali/boot/uefi/efi/Build/VBoot/RELEASE_CLANGPDB/AARCH64/MdePkg/Library/BaseLib/BaseLib/OUTPUT/LongJump.obj
/home/philip/Projects/vali/boot/uefi/efi/Build/VBoot/RELEASE_CLANGPDB/AARCH64/MdePkg/Library/BaseLib/BaseLib/OUTPUT/SetJump.obj
/home/philip/Projects/vali/boot/uefi/efi/Build/VBoot/RELEASE_CLANGPDB/AARCH64/MdePkg/Library/BaseLib/BaseLib/OUTPUT/QuickSort.obj
/home/philip/Projects/vali/boot/uefi/efi/Build/VBoot/RELEASE_CLANGPDB/AARCH64/MdePkg/Library/BaseLib/BaseLib/OUTPUT/RShiftU64.obj
/home/philip/Projects/vali/boot/uefi/efi/Build/VBoot/RELEASE_CLANGPDB/AARCH64/MdePkg/Library/BaseLib/BaseLib/OUTPUT/RRotU64.obj
/home/philip/Projects/vali/boot/uefi/efi/Build/VBoot/RELEASE_CLANGPDB/AARCH64/MdePkg/Library/BaseLib/BaseLib/OUTPUT/RRotU32.obj
/home/philip/Projects/vali/boot/uefi/efi/Build/VBoot/RELEASE_CLANGPDB/AARCH64/MdePkg/Library/BaseLib/BaseLib/OUTPUT/MultU64x64.obj
/home/philip/Projects/vali/boot/uefi/efi/Build/VBoot/RELEASE_CLANGPDB/AARCH64/MdePkg/Library/BaseLib/BaseLib/OUTPUT/MultU64x32.obj
/home/philip/Projects/vali/boot/uefi/efi/Build/VBoot/RELEASE_CLANGPDB/AARCH64/MdePkg/Library/BaseLib/BaseLib/OUTPUT/MultS64x64.obj
/home/philip/Projects/vali/boot/uefi/efi/Build/VBoot/RELEASE_CLANGPDB/AARCH64/MdePkg/Library/BaseLib/BaseLib/OUTPUT/ModU64x32.obj
/home/philip/Projects/vali/boot/uefi/efi/Build/VBoot/RELEASE_CLANGPDB/AARCH64/MdePkg/Library/BaseLib/BaseLib/OUTPUT/LShiftU64.obj
/home/philip/Projects/vali/boot/uefi/efi/Build/VBoot/RELEASE_CLANGPDB/AARCH64/MdePkg/Library/BaseLib/BaseLib/OUTPUT/LRotU64.obj
/home/philip/Projects/vali/boot/uefi/efi/Build/VBoot/RELEASE_CLANGPDB/AARCH64/MdePkg/Library/BaseLib/BaseLib/OUTPUT/LRotU32.obj
/home/philip/Projects/vali/boot/uefi/efi/Build/VBoot/RELEASE_CLANGPDB/AARCH64/MdePkg/Library/BaseLib/BaseLib/OUTPUT/LowBitSet64.obj
/home/philip/Projects/vali/boot/uefi/efi/Build/VBoot/RELEASE_CLANGPDB/AARCH64/MdePkg/Library/BaseLib/BaseLib/OUTPUT/LowBitSet32.obj
/home/philip/Projects/vali/boot/uefi/efi/Build/VBoot/RELEASE_CLANGPDB/AARCH64/MdePkg/Library/BaseLib/BaseLib/OUTPUT/HighBitSet64.obj
/home/philip/Projects/vali/boot/uefi/efi/Build/VBoot/RELEASE_CLANGPDB/AARCH64/MdePkg/Library/BaseLib/BaseLib/OUTPUT/HighBitSet32.obj
/home/philip/Projects/vali/boot/uefi/efi/Build/VBoot/RELEASE_CLANGPDB/AARCH64/MdePkg/Library/BaseLib/BaseLib/OUTPUT/GetPowerOfTwo64.obj
/home/philip/Projects/vali/boot/uefi/efi/Build/VBoot/RELEASE_CLANGPDB/AARCH64/MdePkg/Library/BaseLib/BaseLib/OUTPUT/GetPowerOfTwo32.obj
/home/philip/Projects/vali/boot/uefi/efi/Build/VBoot/RELEASE_CLANGPDB/AARCH64/MdePkg/Library/BaseLib/BaseLib/OUTPUT/DivU64x64Remainder.obj
/home/philip/Projects/vali/boot/uefi/efi/Build/VBoot/RELEASE_CLANGPDB/AARCH64/MdePkg/Library/BaseLib/BaseLib/OUTPUT/DivU64x32Remainder.obj
/home/philip/Projects/vali/boot/uefi/efi/Build/VBoot/RELEASE_CLANGPDB/AARCH64/MdePkg/Library/BaseLib/BaseLib/OUTPUT/DivU64x32.obj
/home/philip/Projects/vali/boot/uefi/efi/Build/VBoot/RELEASE_CLANGPDB/AARCH64/MdePkg/Library/BaseLib/BaseLib/OUTPUT/DivS64x64Remainder.obj
/home/philip/Projects/vali/boot/uefi/efi/Build/VBoot/RELEASE_CLANGPDB/AARCH64/MdePkg/Library/BaseLib/BaseLib/OUTPUT/ARShiftU64.obj
/home/philip/Projects/vali/boot/uefi/efi/Build/VBoot/RELEASE_CLANGPDB/AARCH64/MdePkg/Library/BaseLib/BaseLib/OUTPUT/BitField.obj
/home/philip/Projects/vali/boot/uefi/efi/Build/VBoot/RELEASE_CLANGPDB/AARCH64/MdePkg/Library/BaseLib/BaseLib/OUTPUT/ConvertGuidUuid.obj
/home/philip/Projects/vali/boot/uefi/efi/Build/VBoot/RELEASE_CLANGPDB/AARCH64/MdePkg/Library/BaseLib/BaseLib/OUTPUT/CpuDeadLoop.obj
/home/philip/Projects/vali/boot/uefi/efi/Build/VBoot/RELEASE_CLANGPDB/AARCH64/MdePkg/Library/BaseLib/BaseLib/OUTPUT/Cpu.obj
/home/philip/Projects/vali/boot/uefi/efi/Build/VBoot/RELEASE_CLANGPDB/AARCH64/MdePkg/Library/BaseLib/BaseLib/OUTPUT/LinkedList.obj
/home/philip/Projects/vali/boot/uefi/efi/Build/VBoot/RELEASE_CLANGPDB/AARCH64/MdePkg/Library/BaseLib/BaseLib/OUTPUT/SafeString.obj
/home/philip/Projects/vali/boot/uefi/efi/Build/VBoot/RELEASE_CLANGPDB/AARCH64/MdePkg/Library/BaseLib/BaseLib/OUTPUT/String.obj
/home/philip/Projects/vali/boot/uefi/efi/Build/VBoot/RELEASE_CLANGPDB/AARCH64/MdePkg/Library/BaseLib/BaseLib/OUTPUT/Unaligned.obj
/home/philip/Projects/vali/boot/uefi/efi/Build/VBoot/RELEASE_CLANGPDB/AARCH64/MdePkg/Library/BaseLib/BaseLib/OUTPUT/FilePaths.obj
/home/philip/Projects/vali/boot/uefi/efi/Build/VBoot/RELEASE_CLANGPDB/AARCH64/MdePkg/Library/BaseLib/BaseLib/OUTPUT/AArch64/InternalSwitchStack.obj
/home/philip/Projects/vali/boot/uefi/efi/Build/VBoot/RELEASE_CLANGPDB/AARCH64/MdePkg/Library/BaseLib/BaseLib/OUTPUT/Math64.obj
/home/philip/Projects/vali/boot/uefi/efi/Build/VBoot/RELEASE_CLANGPDB/AARCH64/MdePkg/Library/BaseLib/BaseLib/OUTPUT/AArch64/MemoryFence.obj
/home/philip/Projects/vali/boot/uefi/efi/Build/VBoot/RELEASE_CLANGPDB/AARCH64/MdePkg/Library/BaseLib/BaseLib/OUTPUT/AArch64/SwitchStack.obj
/home/philip/Projects/vali/boot/uefi/efi/Build/VBoot/RELEASE_CLANGPDB/AARCH64/MdePkg/Library/BaseLib/BaseLib/OUTPUT/AArch64/EnableInterrupts.obj
/home/philip/Projects/vali/boot/uefi/efi/Build/VBoot/RELEASE_CLANGPDB/AARCH64/MdePkg/Library/BaseLib/BaseLib/OUTPUT/AArch64/DisableInterrupts.obj
/home/philip/Projects/vali/boot/uefi/efi/Build/VBoot/RELEASE_CLANGPDB/AARCH64/MdePkg/Library/BaseLib/BaseLib/OUTPUT/AArch64/GetInterruptsState.obj
/home/philip/Projects/vali/boot/uefi/efi/Build/VBoot/RELEASE_CLANGPDB/AARCH64/MdePkg/Library/BaseLib/BaseLib/OUTPUT/AArch64/SetJumpLongJump.obj
/home/philip/Projects/vali/boot/uefi/efi/Build/VBoot/RELEASE_CLANGPDB/AARCH64/MdePkg/Library/BaseLib/BaseLib/OUTPUT/AArch64/CpuBreakpoint.obj
/home/philip/Projects/vali/boot/uefi/efi/Build/VBoot/RELEASE_CLANGPDB/AARCH64/MdePkg/Library/BaseLib/BaseLib/OUTPUT/AArch64/SpeculationBarrier.obj
/home/philip/Projects/vali/boot/uefi/efi/Build/VBoot/RELEASE_CLANGPDB/AARCH64/MdePkg/Library/BaseLib/BaseLib/OUTPUT/AArch64/ArmReadCntPctReg.obj
/home/philip/Projects/vali/boot/uefi/efi/Build/VBoot/RELEASE_CLANGPDB/AARCH64/MdePkg/Library/BaseLib/BaseLib/OUTPUT/AArch64/ArmReadIdAA64Isar0Reg.obj
/home/philip/Projects/vali/boot/uefi/efi/Build/VBoot/RELEASE_CLANGPDB/AARCH64/MdePkg/Library/BaseLib/BaseLib/OUTPUT/IntelTdxNull.obj
/home/philip/Projects/vali/boot/uefi/efi/Build/VBoot/RELEASE_CLANGPDB/AARCH64/MdePkg/Library/BaseLib/BaseLib/OUTPUT/AmdSevNull.obj